16:44:49 **** Incremental Build of configuration Debug for project cubemx ****
make -j20 all 
arm-none-eabi-gcc "../Core/Src/main.c" -mcpu=cortex-m4 -std=gnu11 -g3 -DDEBUG -DUSE_HAL_DRIVER -DSTM32F446xx -c -I../Core/Inc -I../Drivers/STM32F4xx_HAL_Driver/Inc -I../Drivers/STM32F4xx_HAL_Driver/Inc/Legacy -I../Drivers/CMSIS/Device/ST/STM32F4xx/Include -I../Drivers/CMSIS/Include -O0 -ffunction-sections -fdata-sections -Wall -fstack-usage -fcyclomatic-complexity -MMD -MP -MF"Core/Src/main.d" -MT"Core/Src/main.o" --specs=nano.specs -mfpu=fpv4-sp-d16 -mfloat-abi=hard -mthumb -o "Core/Src/main.o"
arm-none-eabi-gcc -o "cubemx.elf" @"objects.list"   -mcpu=cortex-m4 -T"D:\01-jupiter\05-stm32f4\projects\cubemx\STM32F446RETX_FLASH.ld" --specs=nosys.specs -Wl,-Map="cubemx.map" -Wl,--gc-sections -static --specs=nano.specs -mfpu=fpv4-sp-d16 -mfloat-abi=hard -mthumb -Wl,--start-group -lc -lm -Wl,--end-group
Finished building target: cubemx.elf
 
arm-none-eabi-size  cubemx.elf 
arm-none-eabi-objdump -h -S cubemx.elf  > "cubemx.list"
   text	   data	    bss	    dec	    hex	filename
   8780	     12	   1644	  10436	   28c4	cubemx.elf
Finished building: default.size.stdout
 
Finished building: cubemx.list
 

16:44:50 Build Finished. 0 errors, 0 warnings. (took 671ms)

