11:21:07 **** Build of configuration Debug for project 01-usart ****
make -j20 all 
arm-none-eabi-gcc "../Src/main.c" -mcpu=cortex-m4 -std=gnu11 -g3 -DDEBUG -DSTM32 -DSTM32F4 -DSTM32F446RETx -DSTM32F446xx -c -I../Inc -I"../Drivers/CMSIS/Include" -I"../Drivers/CMSIS/Device/ST/STM32F4xx/Include" -I"../Drivers/Bare-metal/Include" -O0 -ffunction-sections -fdata-sections -Wall -fstack-usage -fcyclomatic-complexity -MMD -MP -MF"Src/main.d" -MT"Src/main.o" --specs=nano.specs -mfpu=fpv4-sp-d16 -mfloat-abi=hard -mthumb -o "Src/main.o"
arm-none-eabi-gcc "../Src/syscalls.c" -mcpu=cortex-m4 -std=gnu11 -g3 -DDEBUG -DSTM32 -DSTM32F4 -DSTM32F446RETx -DSTM32F446xx -c -I../Inc -I"../Drivers/CMSIS/Include" -I"../Drivers/CMSIS/Device/ST/STM32F4xx/Include" -I"../Drivers/Bare-metal/Include" -O0 -ffunction-sections -fdata-sections -Wall -fstack-usage -fcyclomatic-complexity -MMD -MP -MF"Src/syscalls.d" -MT"Src/syscalls.o" --specs=nano.specs -mfpu=fpv4-sp-d16 -mfloat-abi=hard -mthumb -o "Src/syscalls.o"
arm-none-eabi-gcc "../Src/sysmem.c" -mcpu=cortex-m4 -std=gnu11 -g3 -DDEBUG -DSTM32 -DSTM32F4 -DSTM32F446RETx -DSTM32F446xx -c -I../Inc -I"../Drivers/CMSIS/Include" -I"../Drivers/CMSIS/Device/ST/STM32F4xx/Include" -I"../Drivers/Bare-metal/Include" -O0 -ffunction-sections -fdata-sections -Wall -fstack-usage -fcyclomatic-complexity -MMD -MP -MF"Src/sysmem.d" -MT"Src/sysmem.o" --specs=nano.specs -mfpu=fpv4-sp-d16 -mfloat-abi=hard -mthumb -o "Src/sysmem.o"
arm-none-eabi-gcc "../Src/tiny_printf.c" -mcpu=cortex-m4 -std=gnu11 -g3 -DDEBUG -DSTM32 -DSTM32F4 -DSTM32F446RETx -DSTM32F446xx -c -I../Inc -I"../Drivers/CMSIS/Include" -I"../Drivers/CMSIS/Device/ST/STM32F4xx/Include" -I"../Drivers/Bare-metal/Include" -O0 -ffunction-sections -fdata-sections -Wall -fstack-usage -fcyclomatic-complexity -MMD -MP -MF"Src/tiny_printf.d" -MT"Src/tiny_printf.o" --specs=nano.specs -mfpu=fpv4-sp-d16 -mfloat-abi=hard -mthumb -o "Src/tiny_printf.o"
arm-none-eabi-gcc "../Drivers/Bare-metal/Source/adc.c" -mcpu=cortex-m4 -std=gnu11 -g3 -DDEBUG -DSTM32 -DSTM32F4 -DSTM32F446RETx -DSTM32F446xx -c -I../Inc -I"../Drivers/CMSIS/Include" -I"../Drivers/CMSIS/Device/ST/STM32F4xx/Include" -I"../Drivers/Bare-metal/Include" -O0 -ffunction-sections -fdata-sections -Wall -fstack-usage -fcyclomatic-complexity -MMD -MP -MF"Drivers/Bare-metal/Source/adc.d" -MT"Drivers/Bare-metal/Source/adc.o" --specs=nano.specs -mfpu=fpv4-sp-d16 -mfloat-abi=hard -mthumb -o "Drivers/Bare-metal/Source/adc.o"
arm-none-eabi-gcc "../Drivers/Bare-metal/Source/timer.c" -mcpu=cortex-m4 -std=gnu11 -g3 -DDEBUG -DSTM32 -DSTM32F4 -DSTM32F446RETx -DSTM32F446xx -c -I../Inc -I"../Drivers/CMSIS/Include" -I"../Drivers/CMSIS/Device/ST/STM32F4xx/Include" -I"../Drivers/Bare-metal/Include" -O0 -ffunction-sections -fdata-sections -Wall -fstack-usage -fcyclomatic-complexity -MMD -MP -MF"Drivers/Bare-metal/Source/timer.d" -MT"Drivers/Bare-metal/Source/timer.o" --specs=nano.specs -mfpu=fpv4-sp-d16 -mfloat-abi=hard -mthumb -o "Drivers/Bare-metal/Source/timer.o"
arm-none-eabi-gcc -o "01-usart.elf" @"objects.list"   -mcpu=cortex-m4 -T"D:\01-jupiter\05-stm32f4\projects\01-usart\STM32F446RETX_FLASH.ld" --specs=nosys.specs -Wl,-Map="01-usart.map" -Wl,--gc-sections -static --specs=nano.specs -mfpu=fpv4-sp-d16 -mfloat-abi=hard -mthumb -Wl,--start-group -lc -lm -Wl,--end-group
Finished building target: 01-usart.elf
 
arm-none-eabi-size  01-usart.elf 
arm-none-eabi-objdump -h -S 01-usart.elf  > "01-usart.list"
   text	   data	    bss	    dec	    hex	filename
   1524	      4	   1564	   3092	    c14	01-usart.elf
Finished building: default.size.stdout
 
Finished building: 01-usart.list
 
