09:15:12 **** Incremental Build of configuration Debug for project template3 ****
make -j20 all 
arm-none-eabi-gcc "../Src/main.c" -mcpu=cortex-m4 -std=gnu11 -g3 -DDEBUG -DSTM32 -DSTM32F4 -DSTM32F446RETx -DSTM32F446xx -c -I../Inc -I"D:/01-jupiter/05-stm32f4/projects/chip_header/CMSIS/Include" -I"D:/01-jupiter/05-stm32f4/projects/chip_header/CMSIS/Device/ST/STM32F4xx/Include" -O0 -ffunction-sections -fdata-sections -Wall -fstack-usage -fcyclomatic-complexity -MMD -MP -MF"Src/main.d" -MT"Src/main.o" --specs=nano.specs -mfpu=fpv4-sp-d16 -mfloat-abi=hard -mthumb -o "Src/main.o"
arm-none-eabi-gcc "../Src/syscalls.c" -mcpu=cortex-m4 -std=gnu11 -g3 -DDEBUG -DSTM32 -DSTM32F4 -DSTM32F446RETx -DSTM32F446xx -c -I../Inc -I"D:/01-jupiter/05-stm32f4/projects/chip_header/CMSIS/Include" -I"D:/01-jupiter/05-stm32f4/projects/chip_header/CMSIS/Device/ST/STM32F4xx/Include" -O0 -ffunction-sections -fdata-sections -Wall -fstack-usage -fcyclomatic-complexity -MMD -MP -MF"Src/syscalls.d" -MT"Src/syscalls.o" --specs=nano.specs -mfpu=fpv4-sp-d16 -mfloat-abi=hard -mthumb -o "Src/syscalls.o"
arm-none-eabi-gcc "../Src/sysmem.c" -mcpu=cortex-m4 -std=gnu11 -g3 -DDEBUG -DSTM32 -DSTM32F4 -DSTM32F446RETx -DSTM32F446xx -c -I../Inc -I"D:/01-jupiter/05-stm32f4/projects/chip_header/CMSIS/Include" -I"D:/01-jupiter/05-stm32f4/projects/chip_header/CMSIS/Device/ST/STM32F4xx/Include" -O0 -ffunction-sections -fdata-sections -Wall -fstack-usage -fcyclomatic-complexity -MMD -MP -MF"Src/sysmem.d" -MT"Src/sysmem.o" --specs=nano.specs -mfpu=fpv4-sp-d16 -mfloat-abi=hard -mthumb -o "Src/sysmem.o"
arm-none-eabi-gcc "../Src/system_stm32f4xx.c" -mcpu=cortex-m4 -std=gnu11 -g3 -DDEBUG -DSTM32 -DSTM32F4 -DSTM32F446RETx -DSTM32F446xx -c -I../Inc -I"D:/01-jupiter/05-stm32f4/projects/chip_header/CMSIS/Include" -I"D:/01-jupiter/05-stm32f4/projects/chip_header/CMSIS/Device/ST/STM32F4xx/Include" -O0 -ffunction-sections -fdata-sections -Wall -fstack-usage -fcyclomatic-complexity -MMD -MP -MF"Src/system_stm32f4xx.d" -MT"Src/system_stm32f4xx.o" --specs=nano.specs -mfpu=fpv4-sp-d16 -mfloat-abi=hard -mthumb -o "Src/system_stm32f4xx.o"
arm-none-eabi-gcc "../Src/tiny_printf.c" -mcpu=cortex-m4 -std=gnu11 -g3 -DDEBUG -DSTM32 -DSTM32F4 -DSTM32F446RETx -DSTM32F446xx -c -I../Inc -I"D:/01-jupiter/05-stm32f4/projects/chip_header/CMSIS/Include" -I"D:/01-jupiter/05-stm32f4/projects/chip_header/CMSIS/Device/ST/STM32F4xx/Include" -O0 -ffunction-sections -fdata-sections -Wall -fstack-usage -fcyclomatic-complexity -MMD -MP -MF"Src/tiny_printf.d" -MT"Src/tiny_printf.o" --specs=nano.specs -mfpu=fpv4-sp-d16 -mfloat-abi=hard -mthumb -o "Src/tiny_printf.o"
arm-none-eabi-gcc -o "template3.elf" @"objects.list"   -mcpu=cortex-m4 -T"D:\01-jupiter\05-stm32f4\projects\template3\STM32F446RETX_FLASH.ld" --specs=nosys.specs -Wl,-Map="template3.map" -Wl,--gc-sections -static --specs=nano.specs -mfpu=fpv4-sp-d16 -mfloat-abi=hard -mthumb -Wl,--start-group -lc -lm -Wl,--end-group
Finished building target: template3.elf
 
arm-none-eabi-size  template3.elf 
arm-none-eabi-objdump -h -S template3.elf  > "template3.list"
   text	   data	    bss	    dec	    hex	filename
   1400	      4	   1564	   2968	    b98	template3.elf
Finished building: default.size.stdout
 
Finished building: template3.list
 

09:15:13 Build Finished. 0 errors, 0 warnings. (took 760ms)

