10:41:36 **** Incremental Build of configuration Debug for project template-2 ****
make -j20 all 
arm-none-eabi-gcc "../Src/adc.c" -mcpu=cortex-m4 -std=gnu11 -g3 -DDEBUG -DSTM32 -DSTM32F4 -DSTM32F446RETx -DSTM32F446xx -c -I../Inc -I"../Drivers/CMSIS/Include" -I"../Drivers/CMSIS/Device/ST/STM32F4xx/Include" -I"../Drivers/Bare-metal/Include" -O0 -ffunction-sections -fdata-sections -Wall -fstack-usage -fcyclomatic-complexity -MMD -MP -MF"Src/adc.d" -MT"Src/adc.o" --specs=nano.specs -mfpu=fpv4-sp-d16 -mfloat-abi=hard -mthumb -o "Src/adc.o"
arm-none-eabi-gcc "../Src/syscalls.c" -mcpu=cortex-m4 -std=gnu11 -g3 -DDEBUG -DSTM32 -DSTM32F4 -DSTM32F446RETx -DSTM32F446xx -c -I../Inc -I"../Drivers/CMSIS/Include" -I"../Drivers/CMSIS/Device/ST/STM32F4xx/Include" -I"../Drivers/Bare-metal/Include" -O0 -ffunction-sections -fdata-sections -Wall -fstack-usage -fcyclomatic-complexity -MMD -MP -MF"Src/syscalls.d" -MT"Src/syscalls.o" --specs=nano.specs -mfpu=fpv4-sp-d16 -mfloat-abi=hard -mthumb -o "Src/syscalls.o"
arm-none-eabi-gcc "../Src/sysmem.c" -mcpu=cortex-m4 -std=gnu11 -g3 -DDEBUG -DSTM32 -DSTM32F4 -DSTM32F446RETx -DSTM32F446xx -c -I../Inc -I"../Drivers/CMSIS/Include" -I"../Drivers/CMSIS/Device/ST/STM32F4xx/Include" -I"../Drivers/Bare-metal/Include" -O0 -ffunction-sections -fdata-sections -Wall -fstack-usage -fcyclomatic-complexity -MMD -MP -MF"Src/sysmem.d" -MT"Src/sysmem.o" --specs=nano.specs -mfpu=fpv4-sp-d16 -mfloat-abi=hard -mthumb -o "Src/sysmem.o"
arm-none-eabi-gcc "../Src/tiny_printf.c" -mcpu=cortex-m4 -std=gnu11 -g3 -DDEBUG -DSTM32 -DSTM32F4 -DSTM32F446RETx -DSTM32F446xx -c -I../Inc -I"../Drivers/CMSIS/Include" -I"../Drivers/CMSIS/Device/ST/STM32F4xx/Include" -I"../Drivers/Bare-metal/Include" -O0 -ffunction-sections -fdata-sections -Wall -fstack-usage -fcyclomatic-complexity -MMD -MP -MF"Src/tiny_printf.d" -MT"Src/tiny_printf.o" --specs=nano.specs -mfpu=fpv4-sp-d16 -mfloat-abi=hard -mthumb -o "Src/tiny_printf.o"
arm-none-eabi-gcc "../Drivers/CMSIS/Device/ST/STM32F4xx/Source/system_stm32f4xx.c" -mcpu=cortex-m4 -std=gnu11 -g3 -DDEBUG -DSTM32 -DSTM32F4 -DSTM32F446RETx -DSTM32F446xx -c -I../Inc -I"../Drivers/CMSIS/Include" -I"../Drivers/CMSIS/Device/ST/STM32F4xx/Include" -I"../Drivers/Bare-metal/Include" -O0 -ffunction-sections -fdata-sections -Wall -fstack-usage -fcyclomatic-complexity -MMD -MP -MF"Drivers/CMSIS/Device/ST/STM32F4xx/Source/system_stm32f4xx.d" -MT"Drivers/CMSIS/Device/ST/STM32F4xx/Source/system_stm32f4xx.o" --specs=nano.specs -mfpu=fpv4-sp-d16 -mfloat-abi=hard -mthumb -o "Drivers/CMSIS/Device/ST/STM32F4xx/Source/system_stm32f4xx.o"
arm-none-eabi-gcc "../Drivers/Bare-metal/Source/main.c" -mcpu=cortex-m4 -std=gnu11 -g3 -DDEBUG -DSTM32 -DSTM32F4 -DSTM32F446RETx -DSTM32F446xx -c -I../Inc -I"../Drivers/CMSIS/Include" -I"../Drivers/CMSIS/Device/ST/STM32F4xx/Include" -I"../Drivers/Bare-metal/Include" -O0 -ffunction-sections -fdata-sections -Wall -fstack-usage -fcyclomatic-complexity -MMD -MP -MF"Drivers/Bare-metal/Source/main.d" -MT"Drivers/Bare-metal/Source/main.o" --specs=nano.specs -mfpu=fpv4-sp-d16 -mfloat-abi=hard -mthumb -o "Drivers/Bare-metal/Source/main.o"
arm-none-eabi-gcc "../Drivers/Bare-metal/Source/timer.c" -mcpu=cortex-m4 -std=gnu11 -g3 -DDEBUG -DSTM32 -DSTM32F4 -DSTM32F446RETx -DSTM32F446xx -c -I../Inc -I"../Drivers/CMSIS/Include" -I"../Drivers/CMSIS/Device/ST/STM32F4xx/Include" -I"../Drivers/Bare-metal/Include" -O0 -ffunction-sections -fdata-sections -Wall -fstack-usage -fcyclomatic-complexity -MMD -MP -MF"Drivers/Bare-metal/Source/timer.d" -MT"Drivers/Bare-metal/Source/timer.o" --specs=nano.specs -mfpu=fpv4-sp-d16 -mfloat-abi=hard -mthumb -o "Drivers/Bare-metal/Source/timer.o"
arm-none-eabi-gcc -o "template-2.elf" @"objects.list"   -mcpu=cortex-m4 -T"D:\01-jupiter\05-stm32f4\projects\template-2\STM32F446RETX_FLASH.ld" --specs=nosys.specs -Wl,-Map="template-2.map" -Wl,--gc-sections -static --specs=nano.specs -mfpu=fpv4-sp-d16 -mfloat-abi=hard -mthumb -Wl,--start-group -lc -lm -Wl,--end-group
Finished building target: template-2.elf
 
arm-none-eabi-size  template-2.elf 
arm-none-eabi-objdump -h -S template-2.elf  > "template-2.list"
   text	   data	    bss	    dec	    hex	filename
   1524	      4	   1564	   3092	    c14	template-2.elf
Finished building: default.size.stdout
 
Finished building: template-2.list
 

10:41:37 Build Finished. 0 errors, 0 warnings. (took 809ms)

