22:39:51 **** Incremental Build of configuration Debug for project template2 ****
make -j20 all 
arm-none-eabi-gcc "../Src/main.c" -mcpu=cortex-m4 -std=gnu11 -g3 -DDEBUG -DSTM32 -DSTM32F4 -DSTM32F446RETx -DSTM32F446xx -c -I../Inc -I"D:/01-jupiter/05-stm32f4/projects/chip_header/CMSIS/Include" -I"D:/01-jupiter/05-stm32f4/projects/chip_header/CMSIS/Device/ST/STM32F4xx/Include" -I"D:/01-jupiter/05-stm32f4/projects/STM32F4xx_HAL_Driver/Inc/Legacy" -I"D:/01-jupiter/05-stm32f4/projects/STM32F4xx_HAL_Driver/Inc" -O0 -ffunction-sections -fdata-sections -Wall -fstack-usage -fcyclomatic-complexity -MMD -MP -MF"Src/main.d" -MT"Src/main.o" --specs=nano.specs -mfpu=fpv4-sp-d16 -mfloat-abi=hard -mthumb -o "Src/main.o"
arm-none-eabi-gcc -o "template2.elf" @"objects.list"   -mcpu=cortex-m4 -T"D:\01-jupiter\05-stm32f4\projects\template2\STM32F446RETX_FLASH.ld" --specs=nosys.specs -Wl,-Map="template2.map" -Wl,--gc-sections -static --specs=nano.specs -mfpu=fpv4-sp-d16 -mfloat-abi=hard -mthumb -Wl,--start-group -lc -lm -Wl,--end-group
Finished building target: template2.elf
 
arm-none-eabi-size  template2.elf 
arm-none-eabi-objdump -h -S template2.elf  > "template2.list"
   text	   data	    bss	    dec	    hex	filename
   1068	      0	   1568	   2636	    a4c	template2.elf
Finished building: default.size.stdout
 
Finished building: template2.list
 

22:39:52 Build Finished. 0 errors, 0 warnings. (took 524ms)

